
 Quartz v5.0.0  

Cleaned output directory `public` in 65ms
Found 6 input files from `content` in 27ms
Parsing input files using 1 threads
Parsed 6 Markdown files in 183ms
Filtered out 0 files in 46μs
Emitting files
Emitted 62 files to `public` in 2s
Done processing 6 files in 2s
Started a Quartz server listening at http://localhost:8080
hint: exit with ctrl+c
[200] /
[200] /
[200] /index.css
[200] /prescript.js
[200] /component-2911f5d1.css
[200] /component-735924e0.css
[200] /component-589c1cea.css
[200] /component-bbc3f7c0.css
[200] /component-e427079e.css
[200] /component-53b25b2b.css
[200] /component-c93c6a44.css
[200] /component-8a06014f.css
[200] /component-77d6a441.css
[200] /component-6ee21cee.css
[200] /component-1ea6ad18.css
[200] /component-34bdfded.css
[200] /component-788c9ca3.css
[200] /component-642859cd.css
[200] /component-4abc06bd.css
[200] /component-274a3dfe.css
[200] /component-94cb6c84.css
[200] /component-58d5ff56.css
[200] /component-7262b5a7.css
[200] /static/resource-style-a5c806d2.css
[200] /static/resource-style-6bd36952.css
[200] /static/resource-style-9857b007.css
[200] /static/resource-style-d3a1a224.css
[200] /static/resource-after-e13fffa1.js
[200] /static/resource-after-8b336f9a.js
[200] /static/resource-after-baba652b.js
[200] /static/resource-after-5eb75950.js
[200] /static/resource-after-683f275d.js
[200] /postscript.js
[200] /
[200] /index.css
[200] /prescript.js
[200] /component-735924e0.css
[200] /component-589c1cea.css
[200] /component-bbc3f7c0.css
[200] /component-2911f5d1.css
[200] /component-e427079e.css
[200] /component-53b25b2b.css
[200] /component-c93c6a44.css
[200] /component-8a06014f.css
[200] /component-77d6a441.css
[200] /component-6ee21cee.css
[200] /component-1ea6ad18.css
[200] /component-34bdfded.css
[200] /component-788c9ca3.css
[200] /component-642859cd.css
[200] /component-4abc06bd.css
[200] /component-274a3dfe.css
[200] /component-94cb6c84.css
[200] /component-58d5ff56.css
[200] /component-7262b5a7.css
[200] /static/resource-style-a5c806d2.css
[200] /static/resource-style-6bd36952.css
[200] /static/resource-style-9857b007.css
[200] /static/resource-style-d3a1a224.css
[200] /static/resource-after-e13fffa1.js
[200] /static/resource-after-8b336f9a.js
[200] /static/resource-after-baba652b.js
[200] /static/resource-after-5eb75950.js
[200] /static/resource-after-683f275d.js
[200] /postscript.js
[200] /static/contentIndex.json
[200] /static/contentIndex.json
Detected change, rebuilding...
Parsing input files using 1 threads

Warning: content/Linux/未命名.md isn't yet tracked by git, dates will be inaccurate
Parsed 1 Markdown files in 93ms
Filtered out 0 files in 19μs
Emitted 11 files to `public` in 356ms
Done rebuilding in 356ms
[200] /
[200] /
[200] /index.css
[200] /component-735924e0.css
[200] /prescript.js
[200] /component-589c1cea.css
[200] /component-bbc3f7c0.css
[200] /component-2911f5d1.css
[200] /component-e427079e.css
[200] /component-53b25b2b.css
[200] /component-c93c6a44.css
[200] /index.css
[200] /component-8a06014f.css
[200] /prescript.js
[200] /component-589c1cea.css
[200] /component-e427079e.css
[200] /component-2911f5d1.css
[200] /component-bbc3f7c0.css
[200] /component-735924e0.css
[200] /component-77d6a441.css
[200] /component-6ee21cee.css
[200] /component-53b25b2b.css
[200] /component-1ea6ad18.css
[200] /component-c93c6a44.css
[200] /component-8a06014f.css
[200] /component-77d6a441.css
[200] /component-6ee21cee.css
[200] /component-1ea6ad18.css
[200] /component-34bdfded.css
[200] /component-34bdfded.css
[200] /component-788c9ca3.css
[200] /component-788c9ca3.css
[200] /component-642859cd.css
[200] /component-642859cd.css
[200] /component-4abc06bd.css
[200] /component-274a3dfe.css
[200] /component-94cb6c84.css
[200] /component-58d5ff56.css
[200] /component-7262b5a7.css
[200] /component-4abc06bd.css
[200] /static/resource-style-a5c806d2.css
[200] /component-274a3dfe.css
[200] /static/resource-style-6bd36952.css
[200] /component-94cb6c84.css
[200] /static/resource-style-9857b007.css
[200] /static/resource-style-d3a1a224.css
[200] /static/resource-after-e13fffa1.js
[200] /static/resource-after-8b336f9a.js
[200] /static/resource-after-baba652b.js
[200] /static/resource-after-5eb75950.js
[200] /component-58d5ff56.css
[200] /component-7262b5a7.css
[200] /static/resource-after-683f275d.js
[200] /static/resource-style-a5c806d2.css
[200] /postscript.js
[200] /static/resource-style-6bd36952.css
[200] /static/resource-style-9857b007.css
[200] /static/resource-style-d3a1a224.css
[200] /static/resource-after-e13fffa1.js
[200] /static/resource-after-8b336f9a.js
[200] /static/resource-after-baba652b.js
[200] /static/resource-after-5eb75950.js
[200] /static/contentIndex.json
[200] /static/resource-after-683f275d.js
[200] /postscript.js
[200] /static/contentIndex.json
Detected change, rebuilding...
Parsing input files using 1 threads
Parsed 0 Markdown files in 314μs
Filtered out 0 files in 10μs
Emitted 9 files to `public` in 21ms
Done rebuilding in 21ms
[200] /
[200] /
[200] /static/contentIndex.json
[200] /index.css
[200] /prescript.js
[200] /component-735924e0.css
[200] /component-e427079e.css
[200] /component-2911f5d1.css
[200] /component-bbc3f7c0.css
[200] /component-53b25b2b.css
[200] /component-589c1cea.css
[200] /component-c93c6a44.css
[200] /component-8a06014f.css
[200] /component-77d6a441.css
[200] /component-6ee21cee.css
[200] /component-1ea6ad18.css
[200] /component-34bdfded.css
[200] /component-788c9ca3.css
[200] /component-642859cd.css
[200] /component-4abc06bd.css
[200] /component-274a3dfe.css
[200] /component-94cb6c84.css
[200] /component-58d5ff56.css
[200] /component-7262b5a7.css
[200] /static/resource-style-a5c806d2.css
[200] /static/resource-style-6bd36952.css
[200] /static/resource-style-9857b007.css
[200] /static/resource-style-d3a1a224.css
[200] /static/resource-after-e13fffa1.js
[200] /static/resource-after-8b336f9a.js
[200] /static/resource-after-baba652b.js
[200] /static/resource-after-5eb75950.js
[200] /static/resource-after-683f275d.js
[200] /postscript.js
Detected change, rebuilding...
Parsing input files using 1 threads

Warning: content/Linux/1.md isn't yet tracked by git, dates will be inaccurate
Parsed 1 Markdown files in 20ms
Filtered out 0 files in 10μs
Emitted 11 files to `public` in 134ms
Done rebuilding in 134ms
[200] /
[200] /static/contentIndex.json
[200] /static/contentIndex.json
[200] /static/icon.png
Detected change, rebuilding...
Parsing input files using 1 threads
Parsed 1 Markdown files in 6ms
Filtered out 0 files in 8μs
Emitted 11 files to `public` in 118ms
Done rebuilding in 118ms
[200] /
[200] /
[200] /static/contentIndex.json
[200] /index.css
[200] /prescript.js
[200] /component-bbc3f7c0.css
[200] /component-6ee21cee.css
[200] /component-2911f5d1.css
[200] /component-e427079e.css
[200] /component-53b25b2b.css
[200] /component-c93c6a44.css
[200] /component-8a06014f.css
[200] /component-735924e0.css
[200] /component-589c1cea.css
[200] /component-77d6a441.css
[200] /component-1ea6ad18.css
[200] /component-34bdfded.css
[200] /component-788c9ca3.css
[200] /component-642859cd.css
[200] /component-4abc06bd.css
[200] /component-274a3dfe.css
[200] /component-94cb6c84.css
[200] /component-58d5ff56.css
[200] /component-7262b5a7.css
[200] /static/resource-style-a5c806d2.css
[200] /static/resource-style-6bd36952.css
[200] /static/resource-style-9857b007.css
[200] /static/resource-style-d3a1a224.css
[200] /static/resource-after-e13fffa1.js
[200] /static/resource-after-8b336f9a.js
[200] /static/resource-after-baba652b.js
[200] /static/resource-after-5eb75950.js
[200] /static/resource-after-683f275d.js
[200] /postscript.js
[200] /static/contentIndex.json
[200] /static/icon.png
Detected change, rebuilding...
Parsing input files using 1 threads
Parsed 1 Markdown files in 5ms
Filtered out 0 files in 12μs
Emitted 12 files to `public` in 116ms
Done rebuilding in 116ms
[200] /
[200] /
[200] /static/contentIndex.json
[200] /index.css
[200] /prescript.js
[200] /component-e427079e.css
[200] /component-2911f5d1.css
[200] /component-bbc3f7c0.css
[200] /component-53b25b2b.css
[200] /component-8a06014f.css
[200] /component-c93c6a44.css
[200] /component-735924e0.css
[200] /component-589c1cea.css
[200] /component-77d6a441.css
[200] /component-6ee21cee.css
[200] /component-1ea6ad18.css
[200] /component-34bdfded.css
[200] /component-788c9ca3.css
[200] /component-642859cd.css
[200] /component-4abc06bd.css
[200] /component-274a3dfe.css
[200] /component-94cb6c84.css
[200] /component-58d5ff56.css
[200] /component-7262b5a7.css
[200] /static/resource-style-a5c806d2.css
[200] /static/resource-style-6bd36952.css
[200] /static/resource-style-9857b007.css
[200] /static/resource-style-d3a1a224.css
[200] /static/resource-after-e13fffa1.js
[200] /static/resource-after-8b336f9a.js
[200] /static/resource-after-baba652b.js
[200] /static/resource-after-5eb75950.js
[200] /static/resource-after-683f275d.js
[200] /postscript.js
[200] /static/contentIndex.json
[200] /static/icon.png
Detected change, rebuilding...
Parsing input files using 1 threads
Parsed 2 Markdown files in 7ms
Filtered out 0 files in 6μs
Emitted 14 files to `public` in 214ms
Done rebuilding in 214ms
[200] /
[200] /
[200] /index.css
[200] /prescript.js
[200] /component-735924e0.css
[200] /component-589c1cea.css
[200] /component-bbc3f7c0.css
[200] /component-2911f5d1.css
[200] /component-e427079e.css
[200] /component-53b25b2b.css
[200] /component-c93c6a44.css
[200] /index.css
[200] /prescript.js
[200] /component-bbc3f7c0.css
[200] /component-6ee21cee.css
[200] /component-53b25b2b.css
[200] /component-e427079e.css
[200] /component-2911f5d1.css
[200] /component-c93c6a44.css
[200] /component-8a06014f.css
[200] /component-77d6a441.css
[200] /component-6ee21cee.css
[200] /component-8a06014f.css
[200] /component-735924e0.css
[200] /component-589c1cea.css
[200] /component-77d6a441.css
[200] /component-1ea6ad18.css
[200] /component-34bdfded.css
[200] /component-1ea6ad18.css
[200] /component-788c9ca3.css
[200] /component-34bdfded.css
[200] /component-642859cd.css
[200] /component-4abc06bd.css
[200] /component-788c9ca3.css
[200] /component-274a3dfe.css
[200] /component-94cb6c84.css
[200] /component-58d5ff56.css
[200] /component-7262b5a7.css
[200] /component-642859cd.css
[200] /static/resource-style-a5c806d2.css
[200] /component-4abc06bd.css
[200] /static/resource-style-6bd36952.css
[200] /static/resource-style-9857b007.css
[200] /component-274a3dfe.css
[200] /static/resource-style-d3a1a224.css
[200] /static/resource-after-e13fffa1.js
[200] /static/resource-after-8b336f9a.js
[200] /static/resource-after-baba652b.js
[200] /static/resource-after-5eb75950.js
[200] /component-94cb6c84.css
[200] /static/resource-after-683f275d.js
[200] /component-58d5ff56.css
[200] /postscript.js
[200] /component-7262b5a7.css
[200] /static/resource-style-a5c806d2.css
[200] /static/resource-style-6bd36952.css
[200] /static/resource-style-9857b007.css
[200] /static/resource-style-d3a1a224.css
[200] /static/resource-after-e13fffa1.js
[200] /static/resource-after-8b336f9a.js
[200] /static/resource-after-baba652b.js
[200] /static/contentIndex.json
[200] /static/resource-after-5eb75950.js
[200] /static/resource-after-683f275d.js
[200] /postscript.js
[200] /static/contentIndex.json
[200] /static/icon.png
[200] /
[200] /prescript.js
[200] /static/resource-after-e13fffa1.js
[200] /static/resource-after-8b336f9a.js
[200] /static/resource-after-baba652b.js
[200] /static/resource-after-5eb75950.js
[200] /static/resource-after-683f275d.js
[200] /postscript.js
[200] /index.css
[200] /component-735924e0.css
[200] /component-589c1cea.css
[200] /component-bbc3f7c0.css
[200] /component-2911f5d1.css
[200] /component-e427079e.css
[200] /component-53b25b2b.css
[200] /component-c93c6a44.css
[200] /component-8a06014f.css
[200] /component-77d6a441.css
[200] /component-6ee21cee.css
[200] /component-1ea6ad18.css
[200] /component-34bdfded.css
[200] /component-788c9ca3.css
[200] /component-642859cd.css
[200] /component-4abc06bd.css
[200] /component-274a3dfe.css
[200] /component-94cb6c84.css
[200] /component-58d5ff56.css
[200] /component-7262b5a7.css
[200] /static/resource-style-a5c806d2.css
[200] /static/resource-style-6bd36952.css
[200] /static/resource-style-9857b007.css
[200] /static/resource-style-d3a1a224.css
[200] /static/contentIndex.json
Detected change, rebuilding...
Parsing input files using 1 threads
Parsed 2 Markdown files in 6ms
Filtered out 0 files in 6μs
Emitted 14 files to `public` in 168ms
Done rebuilding in 168ms
[200] /
[200] /
[200] /prescript.js
[200] /index.css
[200] /component-735924e0.css
[200] /component-589c1cea.css
[200] /component-bbc3f7c0.css
[200] /component-2911f5d1.css
[200] /component-e427079e.css
[200] /component-53b25b2b.css
[200] /component-c93c6a44.css
[200] /index.css
[200] /prescript.js
[200] /component-8a06014f.css
[200] /component-2911f5d1.css
[200] /component-bbc3f7c0.css
[200] /component-589c1cea.css
[200] /component-735924e0.css
[200] /component-77d6a441.css
[200] /component-e427079e.css
[200] /component-6ee21cee.css
[200] /component-53b25b2b.css
[200] /component-c93c6a44.css
[200] /component-1ea6ad18.css
[200] /component-8a06014f.css
[200] /component-77d6a441.css
[200] /component-6ee21cee.css
[200] /component-1ea6ad18.css
[200] /component-34bdfded.css
[200] /component-34bdfded.css
[200] /component-788c9ca3.css
[200] /component-788c9ca3.css
[200] /component-642859cd.css
[200] /component-642859cd.css
[200] /component-4abc06bd.css
[200] /component-274a3dfe.css
[200] /component-94cb6c84.css
[200] /component-58d5ff56.css
[200] /component-7262b5a7.css
[200] /component-4abc06bd.css
[200] /static/resource-style-a5c806d2.css
[200] /component-274a3dfe.css
[200] /static/resource-style-6bd36952.css
[200] /static/resource-style-9857b007.css
[200] /component-94cb6c84.css
[200] /static/resource-style-d3a1a224.css
[200] /static/resource-after-e13fffa1.js
[200] /static/resource-after-8b336f9a.js
[200] /static/resource-after-baba652b.js
[200] /static/resource-after-5eb75950.js
[200] /component-58d5ff56.css
[200] /static/resource-after-683f275d.js
[200] /component-7262b5a7.css
[200] /postscript.js
[200] /static/resource-style-a5c806d2.css
[200] /static/resource-style-6bd36952.css
[200] /static/resource-style-9857b007.css
[200] /static/resource-style-d3a1a224.css
[200] /static/resource-after-e13fffa1.js
[200] /static/resource-after-8b336f9a.js
[200] /static/resource-after-baba652b.js
[200] /static/contentIndex.json
[200] /static/resource-after-5eb75950.js
[200] /static/resource-after-683f275d.js
[200] /postscript.js
[200] /static/contentIndex.json
[200] /static/icon.png
Detected change, rebuilding...
Parsing input files using 1 threads
Parsed 3 Markdown files in 28ms
Filtered out 0 files in 7μs
Emitted 16 files to `public` in 320ms
Done rebuilding in 321ms
[200] /
[200] /
[200] /index.css
[200] /component-735924e0.css
[200] /prescript.js
[200] /component-589c1cea.css
[200] /component-bbc3f7c0.css
[200] /component-2911f5d1.css
[200] /component-e427079e.css
[200] /component-53b25b2b.css
[200] /component-c93c6a44.css
[200] /index.css
[200] /component-8a06014f.css
[200] /prescript.js
[200] /component-77d6a441.css
[200] /component-2911f5d1.css
[200] /component-bbc3f7c0.css
[200] /component-589c1cea.css
[200] /component-6ee21cee.css
[200] /component-735924e0.css
[200] /component-e427079e.css
[200] /component-53b25b2b.css
[200] /component-c93c6a44.css
[200] /component-8a06014f.css
[200] /component-77d6a441.css
[200] /component-1ea6ad18.css
[200] /component-34bdfded.css
[200] /component-788c9ca3.css
[200] /component-6ee21cee.css
[200] /component-1ea6ad18.css
[200] /component-34bdfded.css
[200] /component-788c9ca3.css
[200] /component-642859cd.css
[200] /component-4abc06bd.css
[200] /component-274a3dfe.css
[200] /component-94cb6c84.css
[200] /component-642859cd.css
[200] /component-58d5ff56.css
[200] /component-4abc06bd.css
[200] /component-274a3dfe.css
[200] /component-7262b5a7.css
[200] /static/resource-style-a5c806d2.css
[200] /static/resource-style-6bd36952.css
[200] /static/resource-style-9857b007.css
[200] /static/resource-style-d3a1a224.css
[200] /static/resource-after-e13fffa1.js
[200] /component-94cb6c84.css
[200] /static/resource-after-8b336f9a.js
[200] /static/resource-after-baba652b.js
[200] /component-58d5ff56.css
[200] /component-7262b5a7.css
[200] /static/resource-after-5eb75950.js
[200] /static/resource-after-683f275d.js
[200] /postscript.js
[200] /static/resource-style-a5c806d2.css
[200] /static/resource-style-6bd36952.css
[200] /static/resource-style-9857b007.css
[200] /static/resource-style-d3a1a224.css
[200] /static/resource-after-e13fffa1.js
[200] /static/resource-after-8b336f9a.js
[200] /static/resource-after-baba652b.js
[200] /static/contentIndex.json
[200] /static/resource-after-5eb75950.js
[200] /static/resource-after-683f275d.js
[200] /postscript.js
[200] /static/contentIndex.json
[200] /static/icon.png
Detected change, rebuilding...
Parsing input files using 1 threads
Parsed 3 Markdown files in 22ms
Filtered out 0 files in 8μs
Emitted 16 files to `public` in 315ms
Done rebuilding in 315ms
[200] /
[200] /
[200] /index.css
[200] /component-e427079e.css
[200] /component-735924e0.css
[200] /component-589c1cea.css
[200] /component-bbc3f7c0.css
[200] /component-2911f5d1.css
[200] /index.css
[200] /prescript.js
[200] /component-53b25b2b.css
[200] /component-2911f5d1.css
[200] /component-bbc3f7c0.css
[200] /component-589c1cea.css
[200] /component-735924e0.css
[200] /component-c93c6a44.css
[200] /component-8a06014f.css
[200] /component-77d6a441.css
[200] /component-6ee21cee.css
[200] /component-e427079e.css
[200] /component-1ea6ad18.css
[200] /component-53b25b2b.css
[200] /component-34bdfded.css
[200] /component-c93c6a44.css
[200] /component-8a06014f.css
[200] /component-77d6a441.css
[200] /component-6ee21cee.css
[200] /component-788c9ca3.css
[200] /component-1ea6ad18.css
[200] /component-642859cd.css
[200] /component-4abc06bd.css
[200] /component-274a3dfe.css
[200] /component-34bdfded.css
[200] /component-94cb6c84.css
[200] /component-788c9ca3.css
[200] /component-58d5ff56.css
[200] /component-642859cd.css
[200] /component-4abc06bd.css
[200] /component-274a3dfe.css
[200] /component-94cb6c84.css
[200] /component-7262b5a7.css
[200] /static/resource-style-a5c806d2.css
[200] /component-58d5ff56.css
[200] /static/resource-style-6bd36952.css
[200] /static/resource-style-9857b007.css
[200] /component-7262b5a7.css
[200] /static/resource-style-a5c806d2.css
[200] /static/resource-style-d3a1a224.css
[200] /static/resource-style-6bd36952.css
[200] /prescript.js
[200] /static/resource-style-9857b007.css
[200] /static/resource-style-d3a1a224.css
[200] /static/resource-after-e13fffa1.js
[200] /static/resource-after-8b336f9a.js
[200] /static/resource-after-e13fffa1.js
[200] /static/resource-after-8b336f9a.js
[200] /static/resource-after-baba652b.js
[200] /static/resource-after-baba652b.js
[200] /static/resource-after-5eb75950.js
[200] /static/resource-after-683f275d.js
[200] /static/resource-after-5eb75950.js
[200] /static/resource-after-683f275d.js
[200] /postscript.js
[200] /postscript.js
[200] /static/contentIndex.json
[200] /static/contentIndex.json
[200] /static/icon.png
Detected change, rebuilding...
Parsing input files using 1 threads
Parsed 3 Markdown files in 16ms
Filtered out 0 files in 7μs
Emitted 17 files to `public` in 304ms
Done rebuilding in 304ms
[200] /
[200] /
[200] /static/contentIndex.json
[200] /index.css
[200] /prescript.js
[200] /component-735924e0.css
[200] /component-bbc3f7c0.css
[200] /component-589c1cea.css
[200] /component-2911f5d1.css
[200] /component-e427079e.css
[200] /component-53b25b2b.css
[200] /component-c93c6a44.css
[200] /component-8a06014f.css
[200] /component-77d6a441.css
[200] /component-6ee21cee.css
[200] /component-1ea6ad18.css
[200] /component-34bdfded.css
[200] /component-788c9ca3.css
[200] /component-642859cd.css
[200] /component-4abc06bd.css
[200] /component-274a3dfe.css
[200] /component-94cb6c84.css
[200] /component-58d5ff56.css
[200] /component-7262b5a7.css
[200] /static/resource-style-a5c806d2.css
[200] /static/resource-style-6bd36952.css
[200] /static/resource-style-9857b007.css
[200] /static/resource-style-d3a1a224.css
[200] /static/resource-after-e13fffa1.js
[200] /static/resource-after-8b336f9a.js
[200] /static/resource-after-baba652b.js
[200] /static/resource-after-5eb75950.js
[200] /static/resource-after-683f275d.js
[200] /postscript.js
[200] /static/contentIndex.json
[200] /static/icon.png
Detected change, rebuilding...
Parsing input files using 1 threads
Parsed 3 Markdown files in 20ms
Filtered out 0 files in 10μs
Emitted 17 files to `public` in 293ms
Done rebuilding in 294ms
[200] /
[200] /
[200] /static/contentIndex.json
[200] /index.css
[200] /prescript.js
[200] /component-bbc3f7c0.css
[200] /component-53b25b2b.css
[200] /component-e427079e.css
[200] /component-589c1cea.css
[200] /component-735924e0.css
[200] /component-2911f5d1.css
[200] /component-c93c6a44.css
[200] /component-8a06014f.css
[200] /component-77d6a441.css
[200] /component-6ee21cee.css
[200] /component-1ea6ad18.css
[200] /component-34bdfded.css
[200] /component-788c9ca3.css
[200] /component-642859cd.css
[200] /component-4abc06bd.css
[200] /component-274a3dfe.css
[200] /component-94cb6c84.css
[200] /component-58d5ff56.css
[200] /component-7262b5a7.css
[200] /static/resource-style-a5c806d2.css
[200] /static/resource-style-6bd36952.css
[200] /static/resource-style-9857b007.css
[200] /static/resource-style-d3a1a224.css
[200] /static/resource-after-e13fffa1.js
[200] /static/resource-after-8b336f9a.js
[200] /static/resource-after-baba652b.js
[200] /static/resource-after-5eb75950.js
[200] /static/resource-after-683f275d.js
[200] /postscript.js
[200] /static/contentIndex.json
[200] /static/icon.png
Detected change, rebuilding...
Parsing input files using 1 threads
Parsed 2 Markdown files in 14ms
Filtered out 0 files in 5μs
Emitted 15 files to `public` in 213ms
Done rebuilding in 213ms
[200] /
[200] /
[200] /static/contentIndex.json
[200] /index.css
[200] /prescript.js
[200] /component-53b25b2b.css
[200] /component-bbc3f7c0.css
[200] /component-e427079e.css
[200] /component-2911f5d1.css
[200] /component-735924e0.css
[200] /component-589c1cea.css
[200] /component-c93c6a44.css
[200] /component-8a06014f.css
[200] /component-77d6a441.css
[200] /component-6ee21cee.css
[200] /component-1ea6ad18.css
[200] /component-34bdfded.css
[200] /component-788c9ca3.css
[200] /component-642859cd.css
[200] /component-4abc06bd.css
[200] /component-274a3dfe.css
[200] /component-94cb6c84.css
[200] /component-58d5ff56.css
[200] /component-7262b5a7.css
[200] /static/resource-style-a5c806d2.css
[200] /static/resource-style-6bd36952.css
[200] /static/resource-style-9857b007.css
[200] /static/resource-style-d3a1a224.css
[200] /static/resource-after-e13fffa1.js
[200] /static/resource-after-8b336f9a.js
[200] /static/resource-after-baba652b.js
[200] /static/resource-after-5eb75950.js
[200] /static/resource-after-683f275d.js
[200] /postscript.js
[200] /static/contentIndex.json
[200] /static/icon.png
Detected change, rebuilding...
Parsing input files using 1 threads
Parsed 1 Markdown files in 12ms
Filtered out 0 files in 5μs
Emitted 12 files to `public` in 140ms
Done rebuilding in 140ms
[200] /
[200] /
[200] /static/contentIndex.json
[200] /index.css
[200] /prescript.js
[200] /component-53b25b2b.css
[200] /component-bbc3f7c0.css
[200] /component-e427079e.css
[200] /component-2911f5d1.css
[200] /component-735924e0.css
[200] /component-589c1cea.css
[200] /component-c93c6a44.css
[200] /component-8a06014f.css
[200] /component-77d6a441.css
[200] /component-6ee21cee.css
[200] /component-1ea6ad18.css
[200] /component-34bdfded.css
[200] /component-788c9ca3.css
[200] /component-642859cd.css
[200] /component-4abc06bd.css
[200] /component-274a3dfe.css
[200] /component-94cb6c84.css
[200] /component-58d5ff56.css
[200] /component-7262b5a7.css
[200] /static/resource-style-a5c806d2.css
[200] /static/resource-style-6bd36952.css
[200] /static/resource-style-9857b007.css
[200] /static/resource-style-d3a1a224.css
[200] /static/resource-after-e13fffa1.js
[200] /static/resource-after-8b336f9a.js
[200] /static/resource-after-baba652b.js
[200] /static/resource-after-5eb75950.js
[200] /static/resource-after-683f275d.js
[200] /postscript.js
[200] /static/contentIndex.json
[200] /static/icon.png
Detected change, rebuilding...
Parsing input files using 1 threads
Parsed 2 Markdown files in 31ms
Filtered out 0 files in 5μs
Emitted 13 files to `public` in 292ms
Done rebuilding in 292ms
[200] /
[200] /
[200] /static/contentIndex.json
[200] /index.css
[200] /prescript.js
[200] /component-c93c6a44.css
[200] /component-bbc3f7c0.css
[200] /component-735924e0.css
[200] /component-53b25b2b.css
[200] /component-e427079e.css
[200] /component-2911f5d1.css
[200] /component-589c1cea.css
[200] /component-8a06014f.css
[200] /component-77d6a441.css
[200] /component-6ee21cee.css
[200] /component-1ea6ad18.css
[200] /component-34bdfded.css
[200] /component-788c9ca3.css
[200] /component-642859cd.css
[200] /component-4abc06bd.css
[200] /component-274a3dfe.css
[200] /component-94cb6c84.css
[200] /component-58d5ff56.css
[200] /component-7262b5a7.css
[200] /static/resource-style-a5c806d2.css
[200] /static/resource-style-6bd36952.css
[200] /static/resource-style-9857b007.css
[200] /static/resource-style-d3a1a224.css
[200] /static/resource-after-e13fffa1.js
[200] /static/resource-after-8b336f9a.js
[200] /static/resource-after-baba652b.js
[200] /static/resource-after-5eb75950.js
[200] /static/resource-after-683f275d.js
[200] /postscript.js
[200] /static/contentIndex.json
[200] /static/icon.png
Detected change, rebuilding...
Parsing input files using 1 threads

Warning: found invalid date "{{date:YYYY-MM-DD}}" in `templates/笔记模板.md`. Supported formats: https://developer.mozilla.org/en-US/docs/Web/JavaScript/Reference/Global_Objects/Date#date_time_string_format

Warning: found invalid date "{{date:YYYY-MM-DD}}" in `templates/笔记模板.md`. Supported formats: https://developer.mozilla.org/en-US/docs/Web/JavaScript/Reference/Global_Objects/Date#date_time_string_format

Warning: found invalid date "{{date:YYYY-MM-DD}}" in `templates/笔记模板.md`. Supported formats: https://developer.mozilla.org/en-US/docs/Web/JavaScript/Reference/Global_Objects/Date#date_time_string_format
Parsed 3 Markdown files in 34ms
Filtered out 0 files in 9μs
Emitted 16 files to `public` in 366ms
Done rebuilding in 366ms
[200] /
[200] /
[200] /static/contentIndex.json
[200] /index.css
[200] /prescript.js
[200] /component-bbc3f7c0.css
[200] /component-8a06014f.css
[200] /component-2911f5d1.css
[200] /component-e427079e.css
[200] /component-53b25b2b.css
[200] /component-735924e0.css
[200] /component-589c1cea.css
[200] /component-c93c6a44.css
[200] /component-77d6a441.css
[200] /component-6ee21cee.css
[200] /component-1ea6ad18.css
[200] /component-34bdfded.css
[200] /component-788c9ca3.css
[200] /component-642859cd.css
[200] /component-4abc06bd.css
[200] /component-274a3dfe.css
[200] /component-94cb6c84.css
[200] /component-58d5ff56.css
[200] /component-7262b5a7.css
[200] /static/resource-style-a5c806d2.css
[200] /static/resource-style-6bd36952.css
[200] /static/resource-style-9857b007.css
[200] /static/resource-style-d3a1a224.css
[200] /static/resource-after-e13fffa1.js
[200] /static/resource-after-8b336f9a.js
[200] /static/resource-after-baba652b.js
[200] /static/resource-after-5eb75950.js
[200] /static/resource-after-683f275d.js
[200] /postscript.js
[200] /static/contentIndex.json
[200] /static/icon.png
[200] /tags/linux
[200] /
[200] /static/contentIndex.json
Detected change, rebuilding...
Parsing input files using 1 threads

Warning: found invalid date "{{date:YYYY-MM-DD}}" in `templates/笔记模板.md`. Supported formats: https://developer.mozilla.org/en-US/docs/Web/JavaScript/Reference/Global_Objects/Date#date_time_string_format

Warning: found invalid date "{{date:YYYY-MM-DD}}" in `templates/笔记模板.md`. Supported formats: https://developer.mozilla.org/en-US/docs/Web/JavaScript/Reference/Global_Objects/Date#date_time_string_format

Warning: found invalid date "{{date:YYYY-MM-DD}}" in `templates/笔记模板.md`. Supported formats: https://developer.mozilla.org/en-US/docs/Web/JavaScript/Reference/Global_Objects/Date#date_time_string_format
Parsed 3 Markdown files in 25ms
Filtered out 0 files in 5μs
Emitted 15 files to `public` in 342ms
Done rebuilding in 342ms
[200] /
[200] /
[200] /index.css
[200] /component-735924e0.css
[200] /prescript.js
[200] /component-589c1cea.css
[200] /component-bbc3f7c0.css
[200] /component-2911f5d1.css
[200] /component-e427079e.css
[200] /component-53b25b2b.css
[200] /component-c93c6a44.css
[200] /component-8a06014f.css
[200] /component-77d6a441.css
[200] /component-6ee21cee.css
[200] /index.css
[200] /prescript.js
[200] /component-1ea6ad18.css
[200] /component-34bdfded.css
[200] /component-788c9ca3.css
[200] /component-e427079e.css
[200] /component-53b25b2b.css
[200] /component-589c1cea.css
[200] /component-bbc3f7c0.css
[200] /component-735924e0.css
[200] /component-2911f5d1.css
[200] /component-642859cd.css
[200] /component-c93c6a44.css
[200] /component-4abc06bd.css
[200] /component-8a06014f.css
[200] /component-274a3dfe.css
[200] /component-77d6a441.css
[200] /component-6ee21cee.css
[200] /component-1ea6ad18.css
[200] /component-34bdfded.css
[200] /component-788c9ca3.css
[200] /component-94cb6c84.css
[200] /component-642859cd.css
[200] /component-58d5ff56.css
[200] /component-4abc06bd.css
[200] /component-274a3dfe.css
[200] /component-7262b5a7.css
[200] /component-94cb6c84.css
[200] /component-58d5ff56.css
[200] /component-7262b5a7.css
[200] /static/resource-style-a5c806d2.css
[200] /static/resource-style-a5c806d2.css
[200] /static/resource-style-6bd36952.css
[200] /static/resource-style-6bd36952.css
[200] /static/resource-style-9857b007.css
[200] /static/resource-style-d3a1a224.css
[200] /static/resource-style-9857b007.css
[200] /static/resource-after-e13fffa1.js
[200] /static/resource-after-8b336f9a.js
[200] /static/resource-after-baba652b.js
[200] /static/resource-after-5eb75950.js
[200] /static/resource-after-683f275d.js
[200] /static/resource-style-d3a1a224.css
[200] /postscript.js
[200] /static/resource-after-e13fffa1.js
[200] /static/resource-after-8b336f9a.js
[200] /static/resource-after-baba652b.js
[200] /static/contentIndex.json
[200] /static/resource-after-5eb75950.js
[200] /static/resource-after-683f275d.js
[200] /postscript.js
[200] /static/contentIndex.json
[200] /static/icon.png
Detected change, rebuilding...
Parsing input files using 1 threads

Warning: found invalid date "{{date:YYYY-MM-DD}}" in `templates/笔记模板.md`. Supported formats: https://developer.mozilla.org/en-US/docs/Web/JavaScript/Reference/Global_Objects/Date#date_time_string_format

Warning: found invalid date "{{date:YYYY-MM-DD}}" in `templates/笔记模板.md`. Supported formats: https://developer.mozilla.org/en-US/docs/Web/JavaScript/Reference/Global_Objects/Date#date_time_string_format

Warning: found invalid date "{{date:YYYY-MM-DD}}" in `templates/笔记模板.md`. Supported formats: https://developer.mozilla.org/en-US/docs/Web/JavaScript/Reference/Global_Objects/Date#date_time_string_format
Parsed 3 Markdown files in 35ms
Filtered out 0 files in 7μs
Emitted 16 files to `public` in 342ms
Done rebuilding in 343ms
[200] /
[200] /
[200] /static/contentIndex.json
[200] /index.css
[200] /prescript.js
[200] /component-e427079e.css
[200] /component-bbc3f7c0.css
[200] /component-53b25b2b.css
[200] /component-589c1cea.css
[200] /component-735924e0.css
[200] /component-2911f5d1.css
[200] /component-c93c6a44.css
[200] /component-8a06014f.css
[200] /component-77d6a441.css
[200] /component-6ee21cee.css
[200] /component-1ea6ad18.css
[200] /component-34bdfded.css
[200] /component-788c9ca3.css
[200] /component-642859cd.css
[200] /component-4abc06bd.css
[200] /component-274a3dfe.css
[200] /component-94cb6c84.css
[200] /component-58d5ff56.css
[200] /component-7262b5a7.css
[200] /static/resource-style-a5c806d2.css
[200] /static/resource-style-6bd36952.css
[200] /static/resource-style-9857b007.css
[200] /static/resource-style-d3a1a224.css
[200] /static/resource-after-e13fffa1.js
[200] /static/resource-after-8b336f9a.js
[200] /static/resource-after-baba652b.js
[200] /static/resource-after-5eb75950.js
[200] /static/resource-after-683f275d.js
[200] /postscript.js
[200] /static/contentIndex.json
[200] /static/icon.png
Detected change, rebuilding...
Parsing input files using 1 threads

Warning: found invalid date "{{date:YYYY-MM-DD}}" in `templates/笔记模板.md`. Supported formats: https://developer.mozilla.org/en-US/docs/Web/JavaScript/Reference/Global_Objects/Date#date_time_string_format

Warning: found invalid date "{{date:YYYY-MM-DD}}" in `templates/笔记模板.md`. Supported formats: https://developer.mozilla.org/en-US/docs/Web/JavaScript/Reference/Global_Objects/Date#date_time_string_format

Warning: found invalid date "{{date:YYYY-MM-DD}}" in `templates/笔记模板.md`. Supported formats: https://developer.mozilla.org/en-US/docs/Web/JavaScript/Reference/Global_Objects/Date#date_time_string_format
Parsed 3 Markdown files in 31ms
Filtered out 0 files in 6μs
Emitted 17 files to `public` in 340ms
Done rebuilding in 340ms
[200] /
[200] /
[200] /static/contentIndex.json
[200] /index.css
[200] /prescript.js
[200] /component-bbc3f7c0.css
[200] /component-2911f5d1.css
[200] /component-6ee21cee.css
[200] /component-e427079e.css
[200] /component-53b25b2b.css
[200] /component-c93c6a44.css
[200] /component-8a06014f.css
[200] /component-735924e0.css
[200] /component-589c1cea.css
[200] /component-77d6a441.css
[200] /component-1ea6ad18.css
[200] /component-34bdfded.css
[200] /component-788c9ca3.css
[200] /component-642859cd.css
[200] /component-4abc06bd.css
[200] /component-274a3dfe.css
[200] /component-94cb6c84.css
[200] /component-58d5ff56.css
[200] /component-7262b5a7.css
[200] /static/resource-style-a5c806d2.css
[200] /static/resource-style-6bd36952.css
[200] /static/resource-style-9857b007.css
[200] /static/resource-style-d3a1a224.css
[200] /static/resource-after-e13fffa1.js
[200] /static/resource-after-8b336f9a.js
[200] /static/resource-after-baba652b.js
[200] /static/resource-after-5eb75950.js
[200] /static/resource-after-683f275d.js
[200] /postscript.js
[200] /static/contentIndex.json
[200] /static/icon.png
Detected change, rebuilding...
Parsing input files using 1 threads

Warning: found invalid date "{{date:YYYY-MM-DD}}" in `templates/笔记模板.md`. Supported formats: https://developer.mozilla.org/en-US/docs/Web/JavaScript/Reference/Global_Objects/Date#date_time_string_format

Warning: found invalid date "{{date:YYYY-MM-DD}}" in `templates/笔记模板.md`. Supported formats: https://developer.mozilla.org/en-US/docs/Web/JavaScript/Reference/Global_Objects/Date#date_time_string_format

Warning: found invalid date "{{date:YYYY-MM-DD}}" in `templates/笔记模板.md`. Supported formats: https://developer.mozilla.org/en-US/docs/Web/JavaScript/Reference/Global_Objects/Date#date_time_string_format
Parsed 3 Markdown files in 25ms
Filtered out 0 files in 5μs
Emitted 18 files to `public` in 331ms
Done rebuilding in 331ms
[200] /
[200] /
[200] /static/contentIndex.json
[200] /index.css
[200] /prescript.js
[200] /component-bbc3f7c0.css
[200] /component-6ee21cee.css
[200] /component-2911f5d1.css
[200] /component-e427079e.css
[200] /component-53b25b2b.css
[200] /component-c93c6a44.css
[200] /component-8a06014f.css
[200] /component-735924e0.css
[200] /component-589c1cea.css
[200] /component-77d6a441.css
[200] /component-1ea6ad18.css
[200] /component-34bdfded.css
[200] /component-788c9ca3.css
[200] /component-642859cd.css
[200] /component-4abc06bd.css
[200] /component-274a3dfe.css
[200] /component-94cb6c84.css
[200] /component-58d5ff56.css
[200] /component-7262b5a7.css
[200] /static/resource-style-a5c806d2.css
[200] /static/resource-style-6bd36952.css
[200] /static/resource-style-9857b007.css
[200] /static/resource-style-d3a1a224.css
[200] /static/resource-after-e13fffa1.js
[200] /static/resource-after-8b336f9a.js
[200] /static/resource-after-baba652b.js
[200] /static/resource-after-5eb75950.js
[200] /static/resource-after-683f275d.js
[200] /postscript.js
[200] /static/contentIndex.json
[200] /static/icon.png
Detected change, rebuilding...
Parsing input files using 1 threads

Warning: found invalid date "{{date:YYYY-MM-DD}}" in `templates/笔记模板.md`. Supported formats: https://developer.mozilla.org/en-US/docs/Web/JavaScript/Reference/Global_Objects/Date#date_time_string_format

Warning: found invalid date "{{date:YYYY-MM-DD}}" in `templates/笔记模板.md`. Supported formats: https://developer.mozilla.org/en-US/docs/Web/JavaScript/Reference/Global_Objects/Date#date_time_string_format

Warning: found invalid date "{{date:YYYY-MM-DD}}" in `templates/笔记模板.md`. Supported formats: https://developer.mozilla.org/en-US/docs/Web/JavaScript/Reference/Global_Objects/Date#date_time_string_format
Parsed 3 Markdown files in 24ms
Filtered out 0 files in 6μs
Emitted 19 files to `public` in 355ms
Done rebuilding in 355ms
[200] /
[200] /
[200] /static/contentIndex.json
[200] /index.css
[200] /prescript.js
[200] /component-bbc3f7c0.css
[200] /component-2911f5d1.css
[200] /component-53b25b2b.css
[200] /component-735924e0.css
[200] /component-589c1cea.css
[200] /component-e427079e.css
[200] /component-c93c6a44.css
[200] /component-8a06014f.css
[200] /component-77d6a441.css
[200] /component-6ee21cee.css
[200] /component-1ea6ad18.css
[200] /component-34bdfded.css
[200] /component-788c9ca3.css
[200] /component-642859cd.css
[200] /component-4abc06bd.css
[200] /component-274a3dfe.css
[200] /component-94cb6c84.css
[200] /component-58d5ff56.css
[200] /component-7262b5a7.css
[200] /static/resource-style-a5c806d2.css
[200] /static/resource-style-6bd36952.css
[200] /static/resource-style-9857b007.css
[200] /static/resource-style-d3a1a224.css
[200] /static/resource-after-e13fffa1.js
[200] /static/resource-after-8b336f9a.js
[200] /static/resource-after-baba652b.js
[200] /static/resource-after-5eb75950.js
[200] /static/resource-after-683f275d.js
[200] /postscript.js
[200] /static/contentIndex.json
[200] /static/icon.png
Detected change, rebuilding...
Parsing input files using 1 threads

Warning: found invalid date "{{date:YYYY-MM-DD}}" in `templates/笔记模板.md`. Supported formats: https://developer.mozilla.org/en-US/docs/Web/JavaScript/Reference/Global_Objects/Date#date_time_string_format

Warning: found invalid date "{{date:YYYY-MM-DD}}" in `templates/笔记模板.md`. Supported formats: https://developer.mozilla.org/en-US/docs/Web/JavaScript/Reference/Global_Objects/Date#date_time_string_format

Warning: found invalid date "{{date:YYYY-MM-DD}}" in `templates/笔记模板.md`. Supported formats: https://developer.mozilla.org/en-US/docs/Web/JavaScript/Reference/Global_Objects/Date#date_time_string_format
Parsed 3 Markdown files in 24ms
Filtered out 0 files in 5μs
Emitted 20 files to `public` in 355ms
Done rebuilding in 355ms
[200] /
[200] /
[200] /static/contentIndex.json
[200] /index.css
[200] /prescript.js
[200] /component-53b25b2b.css
[200] /component-bbc3f7c0.css
[200] /component-589c1cea.css
[200] /component-735924e0.css
[200] /component-e427079e.css
[200] /component-2911f5d1.css
[200] /component-c93c6a44.css
[200] /component-8a06014f.css
[200] /component-77d6a441.css
[200] /component-6ee21cee.css
[200] /component-1ea6ad18.css
[200] /component-34bdfded.css
[200] /component-788c9ca3.css
[200] /component-642859cd.css
[200] /component-4abc06bd.css
[200] /component-274a3dfe.css
[200] /component-94cb6c84.css
[200] /component-58d5ff56.css
[200] /component-7262b5a7.css
[200] /static/resource-style-a5c806d2.css
[200] /static/resource-style-6bd36952.css
[200] /static/resource-style-9857b007.css
[200] /static/resource-style-d3a1a224.css
[200] /static/resource-after-e13fffa1.js
[200] /static/resource-after-8b336f9a.js
[200] /static/resource-after-baba652b.js
[200] /static/resource-after-5eb75950.js
[200] /static/resource-after-683f275d.js
[200] /postscript.js
[200] /static/contentIndex.json
[200] /static/icon.png
Detected change, rebuilding...
Parsing input files using 1 threads

Warning: found invalid date "{{date:YYYY-MM-DD}}" in `templates/笔记模板.md`. Supported formats: https://developer.mozilla.org/en-US/docs/Web/JavaScript/Reference/Global_Objects/Date#date_time_string_format

Warning: found invalid date "{{date:YYYY-MM-DD}}" in `templates/笔记模板.md`. Supported formats: https://developer.mozilla.org/en-US/docs/Web/JavaScript/Reference/Global_Objects/Date#date_time_string_format

Warning: found invalid date "{{date:YYYY-MM-DD}}" in `templates/笔记模板.md`. Supported formats: https://developer.mozilla.org/en-US/docs/Web/JavaScript/Reference/Global_Objects/Date#date_time_string_format
Parsed 3 Markdown files in 35ms
Filtered out 0 files in 9μs
Emitted 20 files to `public` in 352ms
Done rebuilding in 352ms
[200] /
[200] /
[200] /static/contentIndex.json
[200] /index.css
[200] /prescript.js
[200] /component-bbc3f7c0.css
[200] /component-1ea6ad18.css
[200] /component-2911f5d1.css
[200] /component-e427079e.css
[200] /component-53b25b2b.css
[200] /component-c93c6a44.css
[200] /component-8a06014f.css
[200] /component-77d6a441.css
[200] /component-735924e0.css
[200] /component-589c1cea.css
[200] /component-6ee21cee.css
[200] /component-34bdfded.css
[200] /component-788c9ca3.css
[200] /component-642859cd.css
[200] /component-4abc06bd.css
[200] /component-274a3dfe.css
[200] /component-94cb6c84.css
[200] /component-58d5ff56.css
[200] /component-7262b5a7.css
[200] /static/resource-style-a5c806d2.css
[200] /static/resource-style-6bd36952.css
[200] /static/resource-style-9857b007.css
[200] /static/resource-style-d3a1a224.css
[200] /static/resource-after-e13fffa1.js
[200] /static/resource-after-8b336f9a.js
[200] /static/resource-after-baba652b.js
[200] /static/resource-after-5eb75950.js
[200] /static/resource-after-683f275d.js
[200] /postscript.js
[200] /static/contentIndex.json
[200] /static/icon.png
Detected change, rebuilding...
Parsing input files using 1 threads

Warning: found invalid date "{{date:YYYY-MM-DD}}" in `templates/笔记模板.md`. Supported formats: https://developer.mozilla.org/en-US/docs/Web/JavaScript/Reference/Global_Objects/Date#date_time_string_format

Warning: found invalid date "{{date:YYYY-MM-DD}}" in `templates/笔记模板.md`. Supported formats: https://developer.mozilla.org/en-US/docs/Web/JavaScript/Reference/Global_Objects/Date#date_time_string_format

Warning: found invalid date "{{date:YYYY-MM-DD}}" in `templates/笔记模板.md`. Supported formats: https://developer.mozilla.org/en-US/docs/Web/JavaScript/Reference/Global_Objects/Date#date_time_string_format
Parsed 3 Markdown files in 31ms
Filtered out 0 files in 6μs
Emitted 20 files to `public` in 346ms
Done rebuilding in 346ms
[200] /
[200] /
[200] /index.css
[200] /component-735924e0.css
[200] /prescript.js
[200] /component-589c1cea.css
[200] /component-bbc3f7c0.css
[200] /component-2911f5d1.css
[200] /index.css
[200] /prescript.js
[200] /component-e427079e.css
[200] /component-2911f5d1.css
[200] /component-bbc3f7c0.css
[200] /component-e427079e.css
[200] /component-53b25b2b.css
[200] /component-c93c6a44.css
[200] /component-77d6a441.css
[200] /component-53b25b2b.css
[200] /component-c93c6a44.css
[200] /component-8a06014f.css
[200] /component-735924e0.css
[200] /component-8a06014f.css
[200] /component-589c1cea.css
[200] /component-6ee21cee.css
[200] /component-1ea6ad18.css
[200] /component-34bdfded.css
[200] /component-788c9ca3.css
[200] /component-77d6a441.css
[200] /component-642859cd.css
[200] /component-6ee21cee.css
[200] /component-4abc06bd.css
[200] /component-274a3dfe.css
[200] /component-1ea6ad18.css
[200] /component-94cb6c84.css
[200] /component-58d5ff56.css
[200] /component-7262b5a7.css
[200] /static/resource-style-a5c806d2.css
[200] /static/resource-style-6bd36952.css
[200] /component-34bdfded.css
[200] /static/resource-style-9857b007.css
[200] /component-788c9ca3.css
[200] /static/resource-style-d3a1a224.css
[200] /static/resource-after-e13fffa1.js
[200] /component-642859cd.css
[200] /static/resource-after-8b336f9a.js
[200] /static/resource-after-baba652b.js
[200] /static/resource-after-5eb75950.js
[200] /static/resource-after-683f275d.js
[200] /component-4abc06bd.css
[200] /postscript.js
[200] /component-274a3dfe.css
[200] /component-94cb6c84.css
[200] /component-58d5ff56.css
[200] /component-7262b5a7.css
[200] /static/resource-style-a5c806d2.css
[200] /static/resource-style-6bd36952.css
[200] /static/resource-style-9857b007.css
[200] /static/resource-style-d3a1a224.css
[200] /static/resource-after-e13fffa1.js
[200] /static/resource-after-8b336f9a.js
[200] /static/resource-after-baba652b.js
[200] /static/contentIndex.json
[200] /static/resource-after-5eb75950.js
[200] /static/resource-after-683f275d.js
[200] /postscript.js
[200] /static/contentIndex.json
[200] /static/icon.png
Detected change, rebuilding...
Parsing input files using 1 threads

Warning: found invalid date "{{date:YYYY-MM-DD}}" in `templates/笔记模板.md`. Supported formats: https://developer.mozilla.org/en-US/docs/Web/JavaScript/Reference/Global_Objects/Date#date_time_string_format

Warning: found invalid date "{{date:YYYY-MM-DD}}" in `templates/笔记模板.md`. Supported formats: https://developer.mozilla.org/en-US/docs/Web/JavaScript/Reference/Global_Objects/Date#date_time_string_format

Warning: found invalid date "{{date:YYYY-MM-DD}}" in `templates/笔记模板.md`. Supported formats: https://developer.mozilla.org/en-US/docs/Web/JavaScript/Reference/Global_Objects/Date#date_time_string_format
Parsed 3 Markdown files in 28ms
Filtered out 0 files in 7μs
Emitted 20 files to `public` in 333ms
Done rebuilding in 333ms
[200] /
[200] /
[200] /static/contentIndex.json
[200] /index.css
[200] /prescript.js
[200] /component-735924e0.css
[200] /component-8a06014f.css
[200] /component-2911f5d1.css
[200] /component-bbc3f7c0.css
[200] /component-589c1cea.css
[200] /component-e427079e.css
[200] /component-53b25b2b.css
[200] /component-c93c6a44.css
[200] /component-77d6a441.css
[200] /component-6ee21cee.css
[200] /component-1ea6ad18.css
[200] /component-34bdfded.css
[200] /component-788c9ca3.css
[200] /component-642859cd.css
[200] /component-4abc06bd.css
[200] /component-274a3dfe.css
[200] /component-94cb6c84.css
[200] /component-58d5ff56.css
[200] /component-7262b5a7.css
[200] /static/resource-style-a5c806d2.css
[200] /static/resource-style-6bd36952.css
[200] /static/resource-style-9857b007.css
[200] /static/resource-style-d3a1a224.css
[200] /static/resource-after-e13fffa1.js
[200] /static/resource-after-8b336f9a.js
[200] /static/resource-after-baba652b.js
[200] /static/resource-after-5eb75950.js
[200] /static/resource-after-683f275d.js
[200] /postscript.js
[200] /static/contentIndex.json
[200] /static/icon.png
Detected change, rebuilding...
Parsing input files using 1 threads

Warning: found invalid date "{{date:YYYY-MM-DD}}" in `templates/笔记模板.md`. Supported formats: https://developer.mozilla.org/en-US/docs/Web/JavaScript/Reference/Global_Objects/Date#date_time_string_format

Warning: found invalid date "{{date:YYYY-MM-DD}}" in `templates/笔记模板.md`. Supported formats: https://developer.mozilla.org/en-US/docs/Web/JavaScript/Reference/Global_Objects/Date#date_time_string_format

Warning: found invalid date "{{date:YYYY-MM-DD}}" in `templates/笔记模板.md`. Supported formats: https://developer.mozilla.org/en-US/docs/Web/JavaScript/Reference/Global_Objects/Date#date_time_string_format
Parsed 3 Markdown files in 25ms
Filtered out 0 files in 5μs
Emitted 21 files to `public` in 338ms
Done rebuilding in 338ms
[200] /
[200] /
[200] /static/contentIndex.json
[200] /index.css
[200] /prescript.js
[200] /component-bbc3f7c0.css
[200] /component-2911f5d1.css
[200] /component-8a06014f.css
[200] /component-e427079e.css
[200] /component-53b25b2b.css
[200] /component-735924e0.css
[200] /component-589c1cea.css
[200] /component-c93c6a44.css
[200] /component-77d6a441.css
[200] /component-6ee21cee.css
[200] /component-1ea6ad18.css
[200] /component-34bdfded.css
[200] /component-788c9ca3.css
[200] /component-642859cd.css
[200] /component-4abc06bd.css
[200] /component-274a3dfe.css
[200] /component-94cb6c84.css
[200] /component-58d5ff56.css
[200] /component-7262b5a7.css
[200] /static/resource-style-a5c806d2.css
[200] /static/resource-style-6bd36952.css
[200] /static/resource-style-9857b007.css
[200] /static/resource-style-d3a1a224.css
[200] /static/resource-after-e13fffa1.js
[200] /static/resource-after-8b336f9a.js
[200] /static/resource-after-baba652b.js
[200] /static/resource-after-5eb75950.js
[200] /static/resource-after-683f275d.js
[200] /postscript.js
[200] /static/contentIndex.json
[200] /static/icon.png
Detected change, rebuilding...
Parsing input files using 1 threads

Warning: found invalid date "{{date:YYYY-MM-DD}}" in `templates/笔记模板.md`. Supported formats: https://developer.mozilla.org/en-US/docs/Web/JavaScript/Reference/Global_Objects/Date#date_time_string_format

Warning: found invalid date "{{date:YYYY-MM-DD}}" in `templates/笔记模板.md`. Supported formats: https://developer.mozilla.org/en-US/docs/Web/JavaScript/Reference/Global_Objects/Date#date_time_string_format

Warning: found invalid date "{{date:YYYY-MM-DD}}" in `templates/笔记模板.md`. Supported formats: https://developer.mozilla.org/en-US/docs/Web/JavaScript/Reference/Global_Objects/Date#date_time_string_format
Parsed 3 Markdown files in 23ms
Filtered out 0 files in 6μs
Emitted 20 files to `public` in 316ms
Done rebuilding in 316ms
[200] /
[200] /
[200] /static/contentIndex.json
[200] /index.css
[200] /prescript.js
[200] /component-bbc3f7c0.css
[200] /component-1ea6ad18.css
[200] /component-e427079e.css
[200] /component-53b25b2b.css
[200] /component-2911f5d1.css
[200] /component-c93c6a44.css
[200] /component-8a06014f.css
[200] /component-77d6a441.css
[200] /component-735924e0.css
[200] /component-589c1cea.css
[200] /component-6ee21cee.css
[200] /component-34bdfded.css
[200] /component-788c9ca3.css
[200] /component-642859cd.css
[200] /component-4abc06bd.css
[200] /component-274a3dfe.css
[200] /component-94cb6c84.css
[200] /component-58d5ff56.css
[200] /component-7262b5a7.css
[200] /static/resource-style-a5c806d2.css
[200] /static/resource-style-6bd36952.css
[200] /static/resource-style-9857b007.css
[200] /static/resource-style-d3a1a224.css
[200] /static/resource-after-e13fffa1.js
[200] /static/resource-after-8b336f9a.js
[200] /static/resource-after-baba652b.js
[200] /static/resource-after-5eb75950.js
[200] /static/resource-after-683f275d.js
[200] /postscript.js
[200] /static/contentIndex.json
[200] /static/icon.png
Detected change, rebuilding...
Parsing input files using 1 threads

Warning: found invalid date "{{date:YYYY-MM-DD}}" in `templates/笔记模板.md`. Supported formats: https://developer.mozilla.org/en-US/docs/Web/JavaScript/Reference/Global_Objects/Date#date_time_string_format

Warning: found invalid date "{{date:YYYY-MM-DD}}" in `templates/笔记模板.md`. Supported formats: https://developer.mozilla.org/en-US/docs/Web/JavaScript/Reference/Global_Objects/Date#date_time_string_format

Warning: found invalid date "{{date:YYYY-MM-DD}}" in `templates/笔记模板.md`. Supported formats: https://developer.mozilla.org/en-US/docs/Web/JavaScript/Reference/Global_Objects/Date#date_time_string_format
Parsed 3 Markdown files in 24ms
Filtered out 0 files in 5μs
Emitted 21 files to `public` in 337ms
Done rebuilding in 338ms
[200] /
[200] /
[200] /static/contentIndex.json
[200] /index.css
[200] /prescript.js
[200] /component-77d6a441.css
[200] /component-bbc3f7c0.css
[200] /component-53b25b2b.css
[200] /component-c93c6a44.css
[200] /component-e427079e.css
[200] /component-2911f5d1.css
[200] /component-8a06014f.css
[200] /component-735924e0.css
[200] /component-589c1cea.css
[200] /component-6ee21cee.css
[200] /component-1ea6ad18.css
[200] /component-34bdfded.css
[200] /component-788c9ca3.css
[200] /component-642859cd.css
[200] /component-4abc06bd.css
[200] /component-274a3dfe.css
[200] /component-94cb6c84.css
[200] /component-58d5ff56.css
[200] /component-7262b5a7.css
[200] /static/resource-style-a5c806d2.css
[200] /static/resource-style-6bd36952.css
[200] /static/resource-style-9857b007.css
[200] /static/resource-style-d3a1a224.css
[200] /static/resource-after-e13fffa1.js
[200] /static/resource-after-8b336f9a.js
[200] /static/resource-after-baba652b.js
[200] /static/resource-after-5eb75950.js
[200] /static/resource-after-683f275d.js
[200] /postscript.js
[200] /static/contentIndex.json
[200] /static/icon.png
Detected change, rebuilding...
Parsing input files using 1 threads

Warning: found invalid date "{{date:YYYY-MM-DD}}" in `templates/笔记模板.md`. Supported formats: https://developer.mozilla.org/en-US/docs/Web/JavaScript/Reference/Global_Objects/Date#date_time_string_format

Warning: found invalid date "{{date:YYYY-MM-DD}}" in `templates/笔记模板.md`. Supported formats: https://developer.mozilla.org/en-US/docs/Web/JavaScript/Reference/Global_Objects/Date#date_time_string_format

Warning: found invalid date "{{date:YYYY-MM-DD}}" in `templates/笔记模板.md`. Supported formats: https://developer.mozilla.org/en-US/docs/Web/JavaScript/Reference/Global_Objects/Date#date_time_string_format
Parsed 4 Markdown files in 33ms
Filtered out 0 files in 5μs
Emitted 23 files to `public` in 476ms
Done rebuilding in 477ms
[200] /
[200] /
[200] /static/contentIndex.json
[200] /index.css
[200] /prescript.js
[200] /component-8a06014f.css
[200] /component-589c1cea.css
[200] /component-735924e0.css
[200] /component-bbc3f7c0.css
[200] /component-2911f5d1.css
[200] /component-e427079e.css
[200] /component-53b25b2b.css
[200] /component-c93c6a44.css
[200] /component-77d6a441.css
[200] /component-6ee21cee.css
[200] /component-1ea6ad18.css
[200] /component-34bdfded.css
[200] /component-788c9ca3.css
[200] /component-642859cd.css
[200] /component-4abc06bd.css
[200] /component-274a3dfe.css
[200] /component-94cb6c84.css
[200] /component-58d5ff56.css
[200] /component-7262b5a7.css
[200] /static/resource-style-a5c806d2.css
[200] /static/resource-style-6bd36952.css
[200] /static/resource-style-9857b007.css
[200] /static/resource-style-d3a1a224.css
[200] /static/resource-after-e13fffa1.js
[200] /static/resource-after-8b336f9a.js
[200] /static/resource-after-baba652b.js
[200] /static/resource-after-5eb75950.js
[200] /static/resource-after-683f275d.js
[200] /postscript.js
[200] /static/icon.png
[200] /static/contentIndex.json
[200] /
[200] /static/contentIndex.json
Detected change, rebuilding...
Parsing input files using 1 threads

Warning: found invalid date "{{date:YYYY-MM-DD}}" in `templates/笔记模板.md`. Supported formats: https://developer.mozilla.org/en-US/docs/Web/JavaScript/Reference/Global_Objects/Date#date_time_string_format

Warning: found invalid date "{{date:YYYY-MM-DD}}" in `templates/笔记模板.md`. Supported formats: https://developer.mozilla.org/en-US/docs/Web/JavaScript/Reference/Global_Objects/Date#date_time_string_format

Warning: found invalid date "{{date:YYYY-MM-DD}}" in `templates/笔记模板.md`. Supported formats: https://developer.mozilla.org/en-US/docs/Web/JavaScript/Reference/Global_Objects/Date#date_time_string_format
Parsed 4 Markdown files in 29ms
Filtered out 0 files in 5μs
Emitted 24 files to `public` in 444ms
Done rebuilding in 444ms
[200] /
[200] /
[200] /index.css
[200] /prescript.js
[200] /component-735924e0.css
[200] /component-589c1cea.css
[200] /component-bbc3f7c0.css
[200] /component-2911f5d1.css
[200] /component-e427079e.css
[200] /component-53b25b2b.css
[200] /component-c93c6a44.css
[200] /index.css
[200] /component-8a06014f.css
[200] /prescript.js
[200] /component-77d6a441.css
[200] /component-6ee21cee.css
[200] /component-bbc3f7c0.css
[200] /component-589c1cea.css
[200] /component-2911f5d1.css
[200] /component-735924e0.css
[200] /component-e427079e.css
[200] /component-53b25b2b.css
[200] /component-1ea6ad18.css
[200] /component-c93c6a44.css
[200] /component-34bdfded.css
[200] /component-8a06014f.css
[200] /component-77d6a441.css
[200] /component-788c9ca3.css
[200] /component-6ee21cee.css
[200] /component-1ea6ad18.css
[200] /component-34bdfded.css
[200] /component-788c9ca3.css
[200] /component-642859cd.css
[200] /component-642859cd.css
[200] /component-4abc06bd.css
[200] /component-4abc06bd.css
[200] /component-274a3dfe.css
[200] /component-94cb6c84.css
[200] /component-274a3dfe.css
[200] /component-58d5ff56.css
[200] /component-7262b5a7.css
[200] /static/resource-style-a5c806d2.css
[200] /static/resource-style-6bd36952.css
[200] /component-94cb6c84.css
[200] /static/resource-style-9857b007.css
[200] /component-58d5ff56.css
[200] /static/resource-style-d3a1a224.css
[200] /static/resource-after-e13fffa1.js
[200] /component-7262b5a7.css
[200] /static/resource-after-8b336f9a.js
[200] /static/resource-after-baba652b.js
[200] /static/resource-after-5eb75950.js
[200] /static/resource-after-683f275d.js
[200] /static/resource-style-a5c806d2.css
[200] /postscript.js
[200] /static/resource-style-6bd36952.css
[200] /static/resource-style-9857b007.css
[200] /static/resource-style-d3a1a224.css
[200] /static/resource-after-e13fffa1.js
[200] /static/resource-after-8b336f9a.js
[200] /static/resource-after-baba652b.js
[200] /static/contentIndex.json
[200] /static/resource-after-5eb75950.js
[200] /static/resource-after-683f275d.js
[200] /postscript.js
[200] /static/contentIndex.json
[200] /static/icon.png
[200] /tags/template
[200] /templates/%E7%AC%94%E8%AE%B0%E6%A8%A1%E6%9D%BF
[200] /prescript.js
[200] /prompts/
[200] /prescript.js
[200] /static/resource-after-e13fffa1.js
[200] /static/resource-after-8b336f9a.js
[200] /static/resource-after-baba652b.js
[200] /static/resource-after-5eb75950.js
[200] /static/resource-after-683f275d.js
[200] /postscript.js
[200] /index.css
[200] /component-735924e0.css
[200] /component-589c1cea.css
[200] /component-bbc3f7c0.css
[200] /component-2911f5d1.css
[200] /component-e427079e.css
[200] /component-53b25b2b.css
[200] /component-c93c6a44.css
[200] /component-8a06014f.css
[200] /component-77d6a441.css
[200] /component-6ee21cee.css
[200] /component-1ea6ad18.css
[200] /component-34bdfded.css
[200] /component-788c9ca3.css
[200] /component-642859cd.css
[200] /component-4abc06bd.css
[200] /component-274a3dfe.css
[200] /component-94cb6c84.css
[200] /component-58d5ff56.css
[200] /component-7262b5a7.css
[200] /static/resource-style-a5c806d2.css
[200] /static/resource-style-6bd36952.css
[200] /static/resource-style-9857b007.css
[200] /static/resource-style-d3a1a224.css
[200] /static/contentIndex.json
Detected change, rebuilding...
Parsing input files using 1 threads

Warning: found invalid date "{{date:YYYY-MM-DD}}" in `templates/笔记模板.md`. Supported formats: https://developer.mozilla.org/en-US/docs/Web/JavaScript/Reference/Global_Objects/Date#date_time_string_format

Warning: found invalid date "{{date:YYYY-MM-DD}}" in `templates/笔记模板.md`. Supported formats: https://developer.mozilla.org/en-US/docs/Web/JavaScript/Reference/Global_Objects/Date#date_time_string_format

Warning: found invalid date "{{date:YYYY-MM-DD}}" in `templates/笔记模板.md`. Supported formats: https://developer.mozilla.org/en-US/docs/Web/JavaScript/Reference/Global_Objects/Date#date_time_string_format
Parsed 4 Markdown files in 44ms
Filtered out 0 files in 8μs
Emitted 25 files to `public` in 496ms
Done rebuilding in 497ms
[200] /
[200] /prompts/
[200] /index.css
[200] /component-735924e0.css
[200] /component-589c1cea.css
[200] /component-bbc3f7c0.css
[200] /prescript.js
[200] /component-2911f5d1.css
[200] /component-e427079e.css
[200] /component-53b25b2b.css
[200] /index.css
[200] /prescript.js
[200] /component-53b25b2b.css
[200] /component-c93c6a44.css
[200] /component-2911f5d1.css
[200] /component-bbc3f7c0.css
[200] /component-589c1cea.css
[200] /component-8a06014f.css
[200] /component-77d6a441.css
[200] /component-6ee21cee.css
[200] /component-1ea6ad18.css
[200] /component-34bdfded.css
[200] /component-735924e0.css
[200] /component-e427079e.css
[200] /component-c93c6a44.css
[200] /component-8a06014f.css
[200] /component-788c9ca3.css
[200] /component-77d6a441.css
[200] /component-6ee21cee.css
[200] /component-642859cd.css
[200] /component-4abc06bd.css
[200] /component-274a3dfe.css
[200] /component-1ea6ad18.css
[200] /component-94cb6c84.css
[200] /component-58d5ff56.css
[200] /component-34bdfded.css
[200] /component-788c9ca3.css
[200] /component-642859cd.css
[200] /component-4abc06bd.css
[200] /component-7262b5a7.css
[200] /component-274a3dfe.css
[200] /static/resource-style-a5c806d2.css
[200] /component-94cb6c84.css
[200] /static/resource-style-6bd36952.css
[200] /static/resource-style-9857b007.css
[200] /component-58d5ff56.css
[200] /static/resource-style-d3a1a224.css
[200] /static/resource-after-e13fffa1.js
[200] /component-7262b5a7.css
[200] /static/resource-style-a5c806d2.css
[200] /static/resource-style-6bd36952.css
[200] /static/resource-after-8b336f9a.js
[200] /static/resource-style-9857b007.css
[200] /static/resource-after-baba652b.js
[200] /static/resource-style-d3a1a224.css
[200] /static/resource-after-5eb75950.js
[200] /static/resource-after-e13fffa1.js
[200] /static/resource-after-683f275d.js
[200] /postscript.js
[200] /static/resource-after-8b336f9a.js
[200] /static/contentIndex.json
[200] /static/resource-after-baba652b.js
[200] /static/resource-after-5eb75950.js
[200] /static/resource-after-683f275d.js
[200] /postscript.js
[200] /static/contentIndex.json
[200] /static/icon.png
Detected change, rebuilding...
Parsing input files using 1 threads

Warning: found invalid date "{{date:YYYY-MM-DD}}" in `templates/笔记模板.md`. Supported formats: https://developer.mozilla.org/en-US/docs/Web/JavaScript/Reference/Global_Objects/Date#date_time_string_format

Warning: found invalid date "{{date:YYYY-MM-DD}}" in `templates/笔记模板.md`. Supported formats: https://developer.mozilla.org/en-US/docs/Web/JavaScript/Reference/Global_Objects/Date#date_time_string_format

Warning: found invalid date "{{date:YYYY-MM-DD}}" in `templates/笔记模板.md`. Supported formats: https://developer.mozilla.org/en-US/docs/Web/JavaScript/Reference/Global_Objects/Date#date_time_string_format
Parsed 4 Markdown files in 40ms
Filtered out 0 files in 6μs
Emitted 26 files to `public` in 497ms
Done rebuilding in 497ms
[200] /
[200] /prompts/
[200] /static/contentIndex.json
[200] /index.css
[200] /prescript.js
[200] /component-735924e0.css
[200] /component-589c1cea.css
[200] /component-bbc3f7c0.css
[200] /component-53b25b2b.css
[200] /component-2911f5d1.css
[200] /component-e427079e.css
[200] /component-c93c6a44.css
[200] /component-8a06014f.css
[200] /component-77d6a441.css
[200] /component-6ee21cee.css
[200] /component-1ea6ad18.css
[200] /component-34bdfded.css
[200] /component-788c9ca3.css
[200] /component-642859cd.css
[200] /component-4abc06bd.css
[200] /component-274a3dfe.css
[200] /component-94cb6c84.css
[200] /component-58d5ff56.css
[200] /component-7262b5a7.css
[200] /static/resource-style-a5c806d2.css
[200] /static/resource-style-6bd36952.css
[200] /static/resource-style-9857b007.css
[200] /static/resource-style-d3a1a224.css
[200] /static/resource-after-e13fffa1.js
[200] /static/resource-after-8b336f9a.js
[200] /static/resource-after-baba652b.js
[200] /static/resource-after-5eb75950.js
[200] /static/resource-after-683f275d.js
[200] /postscript.js
[200] /static/contentIndex.json
[200] /static/icon.png
Detected change, rebuilding...
Parsing input files using 1 threads

Warning: found invalid date "{{date:YYYY-MM-DD}}" in `templates/笔记模板.md`. Supported formats: https://developer.mozilla.org/en-US/docs/Web/JavaScript/Reference/Global_Objects/Date#date_time_string_format

Warning: found invalid date "{{date:YYYY-MM-DD}}" in `templates/笔记模板.md`. Supported formats: https://developer.mozilla.org/en-US/docs/Web/JavaScript/Reference/Global_Objects/Date#date_time_string_format

Warning: found invalid date "{{date:YYYY-MM-DD}}" in `templates/笔记模板.md`. Supported formats: https://developer.mozilla.org/en-US/docs/Web/JavaScript/Reference/Global_Objects/Date#date_time_string_format
Parsed 4 Markdown files in 41ms
Filtered out 0 files in 9μs
Emitted 27 files to `public` in 498ms
Done rebuilding in 498ms
[200] /
[200] /prompts/
[200] /static/contentIndex.json
[200] /index.css
[200] /prescript.js
[200] /component-bbc3f7c0.css
[200] /component-6ee21cee.css
[200] /component-2911f5d1.css
[200] /component-e427079e.css
[200] /component-53b25b2b.css
[200] /component-c93c6a44.css
[200] /component-8a06014f.css
[200] /component-735924e0.css
[200] /component-589c1cea.css
[200] /component-77d6a441.css
[200] /component-1ea6ad18.css
[200] /component-34bdfded.css
[200] /component-788c9ca3.css
[200] /component-642859cd.css
[200] /component-4abc06bd.css
[200] /component-274a3dfe.css
[200] /component-94cb6c84.css
[200] /component-58d5ff56.css
[200] /component-7262b5a7.css
[200] /static/resource-style-a5c806d2.css
[200] /static/resource-style-6bd36952.css
[200] /static/resource-style-9857b007.css
[200] /static/resource-style-d3a1a224.css
[200] /static/resource-after-e13fffa1.js
[200] /static/resource-after-8b336f9a.js
[200] /static/resource-after-baba652b.js
[200] /static/resource-after-5eb75950.js
[200] /static/resource-after-683f275d.js
[200] /postscript.js
[200] /static/contentIndex.json
[200] /static/icon.png
Detected change, rebuilding...
Parsing input files using 1 threads

Warning: found invalid date "{{date:YYYY-MM-DD}}" in `templates/笔记模板.md`. Supported formats: https://developer.mozilla.org/en-US/docs/Web/JavaScript/Reference/Global_Objects/Date#date_time_string_format

Warning: found invalid date "{{date:YYYY-MM-DD}}" in `templates/笔记模板.md`. Supported formats: https://developer.mozilla.org/en-US/docs/Web/JavaScript/Reference/Global_Objects/Date#date_time_string_format

Warning: found invalid date "{{date:YYYY-MM-DD}}" in `templates/笔记模板.md`. Supported formats: https://developer.mozilla.org/en-US/docs/Web/JavaScript/Reference/Global_Objects/Date#date_time_string_format
Parsed 4 Markdown files in 34ms
Filtered out 0 files in 5μs
Emitted 28 files to `public` in 491ms
Done rebuilding in 491ms
[200] /
[200] /prompts/
[200] /static/contentIndex.json
[200] /index.css
[200] /prescript.js
[200] /component-bbc3f7c0.css
[200] /component-2911f5d1.css
[200] /component-77d6a441.css
[200] /component-53b25b2b.css
[200] /component-e427079e.css
[200] /component-735924e0.css
[200] /component-589c1cea.css
[200] /component-c93c6a44.css
[200] /component-8a06014f.css
[200] /component-6ee21cee.css
[200] /component-1ea6ad18.css
[200] /component-34bdfded.css
[200] /component-788c9ca3.css
[200] /component-642859cd.css
[200] /component-4abc06bd.css
[200] /component-274a3dfe.css
[200] /component-94cb6c84.css
[200] /component-58d5ff56.css
[200] /component-7262b5a7.css
[200] /static/resource-style-a5c806d2.css
[200] /static/resource-style-6bd36952.css
[200] /static/resource-style-9857b007.css
[200] /static/resource-style-d3a1a224.css
[200] /static/resource-after-e13fffa1.js
[200] /static/resource-after-8b336f9a.js
[200] /static/resource-after-baba652b.js
[200] /static/resource-after-5eb75950.js
[200] /static/resource-after-683f275d.js
[200] /postscript.js
[200] /static/contentIndex.json
[200] /static/icon.png
[200] /prompts/%E5%B0%8F%E5%8F%A4%E5%86%99%E7%AC%94%E8%AE%B0%E7%9A%84%E8%A7%84%E7%9F%A9
Detected change, rebuilding...
Parsing input files using 1 threads

Warning: found invalid date "{{date:YYYY-MM-DD}}" in `templates/笔记模板.md`. Supported formats: https://developer.mozilla.org/en-US/docs/Web/JavaScript/Reference/Global_Objects/Date#date_time_string_format

Warning: found invalid date "{{date:YYYY-MM-DD}}" in `templates/笔记模板.md`. Supported formats: https://developer.mozilla.org/en-US/docs/Web/JavaScript/Reference/Global_Objects/Date#date_time_string_format

Warning: found invalid date "{{date:YYYY-MM-DD}}" in `templates/笔记模板.md`. Supported formats: https://developer.mozilla.org/en-US/docs/Web/JavaScript/Reference/Global_Objects/Date#date_time_string_format
Parsed 4 Markdown files in 41ms
Filtered out 0 files in 5μs
Emitted 28 files to `public` in 468ms
Done rebuilding in 468ms
[200] /
[200] /prompts/
[200] /index.css
[200] /component-735924e0.css
[200] /prescript.js
[200] /component-589c1cea.css
[200] /component-bbc3f7c0.css
[200] /component-2911f5d1.css
[200] /index.css
[200] /prescript.js
[200] /component-589c1cea.css
[200] /component-e427079e.css
[200] /component-2911f5d1.css
[200] /component-e427079e.css
[200] /component-53b25b2b.css
[200] /component-bbc3f7c0.css
[200] /component-735924e0.css
[200] /component-c93c6a44.css
[200] /component-53b25b2b.css
[200] /component-c93c6a44.css
[200] /component-8a06014f.css
[200] /component-77d6a441.css
[200] /component-6ee21cee.css
[200] /component-1ea6ad18.css
[200] /component-34bdfded.css
[200] /component-788c9ca3.css
[200] /component-642859cd.css
[200] /component-4abc06bd.css
[200] /component-274a3dfe.css
[200] /component-94cb6c84.css
[200] /component-8a06014f.css
[200] /component-77d6a441.css
[200] /component-58d5ff56.css
[200] /component-6ee21cee.css
[200] /component-7262b5a7.css
[200] /static/resource-style-a5c806d2.css
[200] /static/resource-style-6bd36952.css
[200] /static/resource-style-9857b007.css
[200] /static/resource-style-d3a1a224.css
[200] /static/resource-after-e13fffa1.js
[200] /component-1ea6ad18.css
[200] /static/resource-after-8b336f9a.js
[200] /component-34bdfded.css
[200] /static/resource-after-baba652b.js
[200] /static/resource-after-5eb75950.js
[200] /component-788c9ca3.css
[200] /static/resource-after-683f275d.js
[200] /postscript.js
[200] /component-642859cd.css
[200] /component-4abc06bd.css
[200] /component-274a3dfe.css
[200] /component-94cb6c84.css
[200] /component-58d5ff56.css
[200] /component-7262b5a7.css
[200] /static/resource-style-a5c806d2.css
[200] /static/resource-style-6bd36952.css
[200] /static/resource-style-9857b007.css
[200] /static/resource-style-d3a1a224.css
[200] /static/resource-after-e13fffa1.js
[200] /static/resource-after-8b336f9a.js
[200] /static/resource-after-baba652b.js
[200] /static/contentIndex.json
[200] /static/resource-after-5eb75950.js
[200] /static/resource-after-683f275d.js
[200] /postscript.js
[200] /static/contentIndex.json
[200] /static/icon.png
Detected change, rebuilding...
Parsing input files using 1 threads

Warning: found invalid date "{{date:YYYY-MM-DD}}" in `templates/笔记模板.md`. Supported formats: https://developer.mozilla.org/en-US/docs/Web/JavaScript/Reference/Global_Objects/Date#date_time_string_format

Warning: found invalid date "{{date:YYYY-MM-DD}}" in `templates/笔记模板.md`. Supported formats: https://developer.mozilla.org/en-US/docs/Web/JavaScript/Reference/Global_Objects/Date#date_time_string_format

Warning: found invalid date "{{date:YYYY-MM-DD}}" in `templates/笔记模板.md`. Supported formats: https://developer.mozilla.org/en-US/docs/Web/JavaScript/Reference/Global_Objects/Date#date_time_string_format
Parsed 4 Markdown files in 30ms
Filtered out 0 files in 4μs
Emitted 28 files to `public` in 440ms
Done rebuilding in 440ms
[200] /
[200] /prompts/
[200] /static/contentIndex.json
[200] /index.css
[200] /prescript.js
[200] /component-735924e0.css
[200] /component-77d6a441.css
[200] /component-53b25b2b.css
[200] /component-e427079e.css
[200] /component-2911f5d1.css
[200] /component-c93c6a44.css
[200] /component-8a06014f.css
[200] /component-589c1cea.css
[200] /component-bbc3f7c0.css
[200] /component-6ee21cee.css
[200] /component-1ea6ad18.css
[200] /component-34bdfded.css
[200] /component-788c9ca3.css
[200] /component-642859cd.css
[200] /component-4abc06bd.css
[200] /component-274a3dfe.css
[200] /component-94cb6c84.css
[200] /component-58d5ff56.css
[200] /component-7262b5a7.css
[200] /static/resource-style-a5c806d2.css
[200] /static/resource-style-6bd36952.css
[200] /static/resource-style-9857b007.css
[200] /static/resource-style-d3a1a224.css
[200] /static/resource-after-e13fffa1.js
[200] /static/resource-after-8b336f9a.js
[200] /static/resource-after-baba652b.js
[200] /static/resource-after-5eb75950.js
[200] /static/resource-after-683f275d.js
[200] /postscript.js
[200] /static/contentIndex.json
[200] /static/icon.png
[200] /tags/prompts
[200] /tags/prompts
[200] /prescript.js
[200] /tags/obsidian
[200] /static/icon.png
